
Copyright (C) 1994-2018 Synopsys, Inc.
This Synopsys software and all associated documentation are proprietary to Synopsys, Inc.
and may only be used pursuant to the terms and conditions of a written license agreement
with Synopsys, Inc. All other use, reproduction, modification, or distribution of the
Synopsys software or the associated documentation is strictly prohibited.
Tool: Synplify (R) Premier
Build: O-2018.09-SP1
Install: /vol/synopsys/fpga/O-2018.09-SP1
OS: Red Hat Enterprise Linux 8.9 (Ootpa)
Hostname: selina.ece.northwestern.edu
max virtual memory: unlimited (bytes)
max user processes: 126575
max stack size: 8388608 (bytes)


Implementation : rev_1

# Written on Wed May 15 08:17:03 2024

##### DESIGN INFO #######################################################

Top View:                "fc"
Constraint File(s):      (none)




##### SUMMARY ############################################################

Found 0 issues in 0 out of 0 constraints


##### DETAILS ############################################################



Clock Relationships
*******************

Starting     Ending       |     rise to rise     |     fall to fall     |     rise to fall     |     fall to rise                     
-------------------------------------------------------------------------------------------------------------------------------------
System       fc|clock     |     4.090            |     No paths         |     No paths         |     No paths                         
fc|clock     fc|clock     |     4.090            |     No paths         |     No paths         |     No paths                         
=====================================================================================================================================
 Note: 'No paths' indicates there are no paths in the design for that pair of clock edges.
       'Diff grp' indicates that paths exist but the starting clock and ending clock are in different clock groups.


Unconstrained Start/End Points
******************************

p:biases_valid
p:done_out
p:new_data[0]
p:new_data[1]
p:new_data[2]
p:new_data[3]
p:new_data[4]
p:new_data[5]
p:new_data[6]
p:new_data[7]
p:new_data[8]
p:new_data[9]
p:new_data[10]
p:new_data[11]
p:new_data[12]
p:new_data[13]
p:new_data[14]
p:new_data[15]
p:new_data[16]
p:new_data[17]
p:new_data[18]
p:new_data[19]
p:new_data[20]
p:new_data[21]
p:new_data[22]
p:new_data[23]
p:new_data[24]
p:new_data[25]
p:new_data[26]
p:new_data[27]
p:new_data[28]
p:new_data[29]
p:new_data[30]
p:new_data[31]
p:ops_valid
p:reset
p:result[0]
p:result[1]
p:result[2]
p:result[3]
p:result[4]
p:result[5]
p:result[6]
p:result[7]
p:result[8]
p:result[9]
p:result[10]
p:result[11]
p:result[12]
p:result[13]
p:result[14]
p:result[15]
p:result[16]
p:result[17]
p:result[18]
p:result[19]
p:result[20]
p:result[21]
p:result[22]
p:result[23]
p:result[24]
p:result[25]
p:result[26]
p:result[27]
p:result[28]
p:result[29]
p:result[30]
p:result[31]
p:start
p:weights_valid


Inapplicable constraints
************************

(none)


Applicable constraints with issues
**********************************

(none)


Constraints with matching wildcard expressions
**********************************************

(none)


Library Report
**************


# End of Constraint Checker Report
