
Copyright (C) 1994-2018 Synopsys, Inc.
This Synopsys software and all associated documentation are proprietary to Synopsys, Inc.
and may only be used pursuant to the terms and conditions of a written license agreement
with Synopsys, Inc. All other use, reproduction, modification, or distribution of the
Synopsys software or the associated documentation is strictly prohibited.
Tool: Synplify (R) Premier
Build: O-2018.09-SP1
Install: /vol/synopsys/fpga/O-2018.09-SP1
OS: Red Hat Enterprise Linux 8.9 (Ootpa)
Hostname: selina.ece.northwestern.edu
max virtual memory: unlimited (bytes)
max user processes: 126575
max stack size: 8388608 (bytes)


Implementation : rev_1

# Written on Wed Apr 24 16:50:12 2024

##### DESIGN INFO #######################################################

Top View:                "conv"
Constraint File(s):      (none)




##### SUMMARY ############################################################

Found 0 issues in 0 out of 0 constraints


##### DETAILS ############################################################



Clock Relationships
*******************

Starting       Ending         |     rise to rise     |     fall to fall     |     rise to fall     |     fall to rise                     
-----------------------------------------------------------------------------------------------------------------------------------------
conv|clock     conv|clock     |     5.892            |     No paths         |     No paths         |     No paths                         
=========================================================================================================================================
 Note: 'No paths' indicates there are no paths in the design for that pair of clock edges.
       'Diff grp' indicates that paths exist but the starting clock and ending clock are in different clock groups.


Unconstrained Start/End Points
******************************

p:biases[0]
p:biases[1]
p:biases[2]
p:biases[3]
p:biases[4]
p:biases[5]
p:biases[6]
p:biases[7]
p:biases[8]
p:biases[9]
p:biases[10]
p:biases[11]
p:biases[12]
p:biases[13]
p:biases[14]
p:biases[15]
p:biases[16]
p:biases[17]
p:biases[18]
p:biases[19]
p:biases[20]
p:biases[21]
p:biases[22]
p:biases[23]
p:biases[24]
p:biases[25]
p:biases[26]
p:biases[27]
p:biases[28]
p:biases[29]
p:biases[30]
p:biases[31]
p:biases[32]
p:biases[33]
p:biases[34]
p:biases[35]
p:biases[36]
p:biases[37]
p:biases[38]
p:biases[39]
p:biases[40]
p:biases[41]
p:biases[42]
p:biases[43]
p:biases[44]
p:biases[45]
p:biases[46]
p:biases[47]
p:biases[48]
p:biases[49]
p:biases[50]
p:biases[51]
p:biases[52]
p:biases[53]
p:biases[54]
p:biases[55]
p:biases[56]
p:biases[57]
p:biases[58]
p:biases[59]
p:biases[60]
p:biases[61]
p:biases[62]
p:biases[63]
p:biases[64]
p:biases[65]
p:biases[66]
p:biases[67]
p:biases[68]
p:biases[69]
p:biases[70]
p:biases[71]
p:idle_out
p:input_dim[0]
p:input_dim[1]
p:input_dim[2]
p:input_dim[3]
p:input_dim[4]
p:input_dim[5]
p:input_dim[6]
p:input_dim[7]
p:newPixelData[0]
p:newPixelData[1]
p:newPixelData[2]
p:newPixelData[3]
p:newPixelData[4]
p:newPixelData[5]
p:newPixelData[6]
p:newPixelData[7]
p:new_data_valid
p:out_accepting_values
p:reset
p:resultValid
p:result[0]
p:result[1]
p:result[2]
p:result[3]
p:result[4]
p:result[5]
p:result[6]
p:result[7]
p:result[8]
p:result[9]
p:result[10]
p:result[11]
p:result[12]
p:result[13]
p:result[14]
p:result[15]
p:result[16]
p:result[17]
p:result[18]
p:result[19]
p:result[20]
p:result[21]
p:result[22]
p:result[23]
p:result[24]
p:result[25]
p:result[26]
p:result[27]
p:result[28]
p:result[29]
p:result[30]
p:result[31]
p:stride
p:weights[0]
p:weights[1]
p:weights[2]
p:weights[3]
p:weights[4]
p:weights[5]
p:weights[6]
p:weights[7]
p:weights[8]
p:weights[9]
p:weights[10]
p:weights[11]
p:weights[12]
p:weights[13]
p:weights[14]
p:weights[15]
p:weights[16]
p:weights[17]
p:weights[18]
p:weights[19]
p:weights[20]
p:weights[21]
p:weights[22]
p:weights[23]
p:weights[24]
p:weights[25]
p:weights[26]
p:weights[27]
p:weights[28]
p:weights[29]
p:weights[30]
p:weights[31]
p:weights[32]
p:weights[33]
p:weights[34]
p:weights[35]
p:weights[36]
p:weights[37]
p:weights[38]
p:weights[39]
p:weights[40]
p:weights[41]
p:weights[42]
p:weights[43]
p:weights[44]
p:weights[45]
p:weights[46]
p:weights[47]
p:weights[48]
p:weights[49]
p:weights[50]
p:weights[51]
p:weights[52]
p:weights[53]
p:weights[54]
p:weights[55]
p:weights[56]
p:weights[57]
p:weights[58]
p:weights[59]
p:weights[60]
p:weights[61]
p:weights[62]
p:weights[63]
p:weights[64]
p:weights[65]
p:weights[66]
p:weights[67]
p:weights[68]
p:weights[69]
p:weights[70]
p:weights[71]
p:window_dim[0]
p:window_dim[1]


Inapplicable constraints
************************

(none)


Applicable constraints with issues
**********************************

(none)


Constraints with matching wildcard expressions
**********************************************

(none)


Library Report
**************


# End of Constraint Checker Report
